// Jest Snapshot v1, https://goo.gl/fbAQLP

exports[`Breadcrumb component Should match snapshot 1`] = `
{
  "asFragment": [Function],
  "baseElement": <body>
    <div>
      <nav
        aria-label="Breadcrumb"
        class="mb-6 block"
      >
        <ol
          class="flex text-xl md:text-xl"
        >
          <li
            class="text-gray-400"
            data-testid="link-Home"
          >
            <a
              class="hover:text-blue-400"
              href="/home"
            >
              Home
            </a>
            <span
              class="mx-3 inline-block"
            >
              /
            </span>
          </li>
          <li
            class="text-blue-500"
            data-testid="link-Users"
          >
            <a
              class="hover:text-blue-400"
              href="/home/users"
            >
              Users
            </a>
          </li>
        </ol>
      </nav>
    </div>
  </body>,
  "container": <div>
    <nav
      aria-label="Breadcrumb"
      class="mb-6 block"
    >
      <ol
        class="flex text-xl md:text-xl"
      >
        <li
          class="text-gray-400"
          data-testid="link-Home"
        >
          <a
            class="hover:text-blue-400"
            href="/home"
          >
            Home
          </a>
          <span
            class="mx-3 inline-block"
          >
            /
          </span>
        </li>
        <li
          class="text-blue-500"
          data-testid="link-Users"
        >
          <a
            class="hover:text-blue-400"
            href="/home/users"
          >
            Users
          </a>
        </li>
      </ol>
    </nav>
  </div>,
  "debug": [Function],
  "findAllByAltText": [Function],
  "findAllByDisplayValue": [Function],
  "findAllByLabelText": [Function],
  "findAllByPlaceholderText": [Function],
  "findAllByRole": [Function],
  "findAllByTestId": [Function],
  "findAllByText": [Function],
  "findAllByTitle": [Function],
  "findByAltText": [Function],
  "findByDisplayValue": [Function],
  "findByLabelText": [Function],
  "findByPlaceholderText": [Function],
  "findByRole": [Function],
  "findByTestId": [Function],
  "findByText": [Function],
  "findByTitle": [Function],
  "getAllByAltText": [Function],
  "getAllByDisplayValue": [Function],
  "getAllByLabelText": [Function],
  "getAllByPlaceholderText": [Function],
  "getAllByRole": [Function],
  "getAllByTestId": [Function],
  "getAllByText": [Function],
  "getAllByTitle": [Function],
  "getByAltText": [Function],
  "getByDisplayValue": [Function],
  "getByLabelText": [Function],
  "getByPlaceholderText": [Function],
  "getByRole": [Function],
  "getByTestId": [Function],
  "getByText": [Function],
  "getByTitle": [Function],
  "queryAllByAltText": [Function],
  "queryAllByDisplayValue": [Function],
  "queryAllByLabelText": [Function],
  "queryAllByPlaceholderText": [Function],
  "queryAllByRole": [Function],
  "queryAllByTestId": [Function],
  "queryAllByText": [Function],
  "queryAllByTitle": [Function],
  "queryByAltText": [Function],
  "queryByDisplayValue": [Function],
  "queryByLabelText": [Function],
  "queryByPlaceholderText": [Function],
  "queryByRole": [Function],
  "queryByTestId": [Function],
  "queryByText": [Function],
  "queryByTitle": [Function],
  "rerender": [Function],
  "unmount": [Function],
}
`;
