// Jest Snapshot v1, https://goo.gl/fbAQLP

exports[`Pagination Component Should match snapshot 1`] = `
{
  "asFragment": [Function],
  "baseElement": <body>
    <div>
      <nav
        class="pt-4 flex justify-end"
      >
        <ul
          class="inline-flex -space-x-px text-md gap-4"
          data-testid="pagination"
        >
          <li>
            <button
              class="flex items-center text-sm font-md bg-blue-500 text-white border border-blue-500 transition-colors hover:bg-blue-400 focus-visible:outline focus-visible:outline-2 focus-visible:outline-offset-2 focus-visible:outline-blue-500 active:bg-blue-600 px-4 py-2 rounded-md"
              value="1"
            >
              1
            </button>
          </li>
          <li>
            <button
              class="flex items-center text-sm font-md bg-transparent text-blue-500 border border-blue-500 transition-colors hover:bg-blue-400 hover:text-white focus-visible:outline focus-visible:outline-2 focus-visible:outline-offset-2 focus-visible:outline-blue-500 active:bg-blue-600 px-4 py-2 rounded-md"
              value="2"
            >
              2
            </button>
          </li>
          <li>
            <button
              class="flex items-center text-sm font-md bg-transparent text-blue-500 border border-blue-500 transition-colors hover:bg-blue-400 hover:text-white focus-visible:outline focus-visible:outline-2 focus-visible:outline-offset-2 focus-visible:outline-blue-500 active:bg-blue-600 px-4 py-2 rounded-md"
              value="3"
            >
              3
            </button>
          </li>
          <li>
            <button
              class="flex items-center text-sm font-md bg-transparent text-blue-500 border border-blue-500 transition-colors hover:bg-blue-400 hover:text-white focus-visible:outline focus-visible:outline-2 focus-visible:outline-offset-2 focus-visible:outline-blue-500 active:bg-blue-600 px-4 py-2 rounded-md"
              value="4"
            >
              4
            </button>
          </li>
        </ul>
      </nav>
    </div>
  </body>,
  "container": <div>
    <nav
      class="pt-4 flex justify-end"
    >
      <ul
        class="inline-flex -space-x-px text-md gap-4"
        data-testid="pagination"
      >
        <li>
          <button
            class="flex items-center text-sm font-md bg-blue-500 text-white border border-blue-500 transition-colors hover:bg-blue-400 focus-visible:outline focus-visible:outline-2 focus-visible:outline-offset-2 focus-visible:outline-blue-500 active:bg-blue-600 px-4 py-2 rounded-md"
            value="1"
          >
            1
          </button>
        </li>
        <li>
          <button
            class="flex items-center text-sm font-md bg-transparent text-blue-500 border border-blue-500 transition-colors hover:bg-blue-400 hover:text-white focus-visible:outline focus-visible:outline-2 focus-visible:outline-offset-2 focus-visible:outline-blue-500 active:bg-blue-600 px-4 py-2 rounded-md"
            value="2"
          >
            2
          </button>
        </li>
        <li>
          <button
            class="flex items-center text-sm font-md bg-transparent text-blue-500 border border-blue-500 transition-colors hover:bg-blue-400 hover:text-white focus-visible:outline focus-visible:outline-2 focus-visible:outline-offset-2 focus-visible:outline-blue-500 active:bg-blue-600 px-4 py-2 rounded-md"
            value="3"
          >
            3
          </button>
        </li>
        <li>
          <button
            class="flex items-center text-sm font-md bg-transparent text-blue-500 border border-blue-500 transition-colors hover:bg-blue-400 hover:text-white focus-visible:outline focus-visible:outline-2 focus-visible:outline-offset-2 focus-visible:outline-blue-500 active:bg-blue-600 px-4 py-2 rounded-md"
            value="4"
          >
            4
          </button>
        </li>
      </ul>
    </nav>
  </div>,
  "debug": [Function],
  "findAllByAltText": [Function],
  "findAllByDisplayValue": [Function],
  "findAllByLabelText": [Function],
  "findAllByPlaceholderText": [Function],
  "findAllByRole": [Function],
  "findAllByTestId": [Function],
  "findAllByText": [Function],
  "findAllByTitle": [Function],
  "findByAltText": [Function],
  "findByDisplayValue": [Function],
  "findByLabelText": [Function],
  "findByPlaceholderText": [Function],
  "findByRole": [Function],
  "findByTestId": [Function],
  "findByText": [Function],
  "findByTitle": [Function],
  "getAllByAltText": [Function],
  "getAllByDisplayValue": [Function],
  "getAllByLabelText": [Function],
  "getAllByPlaceholderText": [Function],
  "getAllByRole": [Function],
  "getAllByTestId": [Function],
  "getAllByText": [Function],
  "getAllByTitle": [Function],
  "getByAltText": [Function],
  "getByDisplayValue": [Function],
  "getByLabelText": [Function],
  "getByPlaceholderText": [Function],
  "getByRole": [Function],
  "getByTestId": [Function],
  "getByText": [Function],
  "getByTitle": [Function],
  "queryAllByAltText": [Function],
  "queryAllByDisplayValue": [Function],
  "queryAllByLabelText": [Function],
  "queryAllByPlaceholderText": [Function],
  "queryAllByRole": [Function],
  "queryAllByTestId": [Function],
  "queryAllByText": [Function],
  "queryAllByTitle": [Function],
  "queryByAltText": [Function],
  "queryByDisplayValue": [Function],
  "queryByLabelText": [Function],
  "queryByPlaceholderText": [Function],
  "queryByRole": [Function],
  "queryByTestId": [Function],
  "queryByText": [Function],
  "queryByTitle": [Function],
  "rerender": [Function],
  "unmount": [Function],
}
`;
